// Jest Snapshot v1, https://goo.gl/fbAQLP

exports[`pruebas en <TodoListItem /> Debe de mostrarse correctamente el componente  1`] = `
<li
  className="list-group-item"
  key="1"
>
  <p
    className="false"
    onClick={[Function]}
  >
    1
    . 
    Aprender React
  </p>
  <button
    className="btn btn-danger"
    onClick={[Function]}
  >
    Delete
  </button>
</li>
`;
