// Jest Snapshot v1, https://goo.gl/fbAQLP

exports[`Pruebas en <MultipleCustomHooks /> debe mostrarse correctamente el componente 1`] = `
<Fragment>
  <h1>
    Breaking Bad Quotes 
    10
  </h1>
  <hr />
  <div
    className="alert alert-info text-center"
  >
    Loading...
  </div>
  <button
    className="btn btn-outline-info"
    onClick={[Function]}
  >
    Next quote
  </button>
</Fragment>
`;
