// Jest Snapshot v1, https://goo.gl/fbAQLP

exports[`Pruebas en <HomeScreen /> debe de mostrarse correctamente 1`] = `
Array [
  <h1>
    Home Screen
  </h1>,
  <hr />,
  <pre>
    {
   "name": "Fernando",
   "email": "fernando@gmail.com"
}
  </pre>,
]
`;
